stm32l4xx_ll_rcc.h:2145:26:LL_RCC_HSI_IsReady	0	static
stm32l4xx_ll_rcc.h:2362:26:LL_RCC_LSE_IsReady	0	static
stm32l4xx_ll_rcc.h:2558:26:LL_RCC_MSI_IsEnabledRangeSelect	0	static
stm32l4xx_ll_rcc.h:4231:26:LL_RCC_PLLSAI1_IsReady	0	static
stm32l4xx_ll_rcc.c:1506:17:RCC_GetHCLKClockFreq	0	static
stm32l4xx_ll_rcc.c:1517:17:RCC_GetPCLK1ClockFreq	0	static
stm32l4xx_ll_rcc.c:1464:17:RCC_GetSystemClockFreq	8	static
stm32l4xx_ll_rcc.c:1840:17:RCC_PLLSAI2_GetFreqDomain_SAI	8	static
stm32l4xx_ll_rcc.c:1580:17:RCC_PLL_GetFreqDomain_SAI	8	static
stm32l4xx_ll_rcc.c:1706:17:RCC_PLLSAI1_GetFreqDomain_SAI	8	static
stm32l4xx_ll_rcc.c:194:13:LL_RCC_DeInit	8	static
stm32l4xx_ll_rcc.c:335:6:LL_RCC_GetSystemClocksFreq	8	static
stm32l4xx_ll_rcc.c:361:10:LL_RCC_GetUSARTClockFreq	8	static
stm32l4xx_ll_rcc.c:478:10:LL_RCC_GetUARTClockFreq	8	static
stm32l4xx_ll_rcc.c:569:10:LL_RCC_GetI2CClockFreq	8	static
stm32l4xx_ll_rcc.c:694:10:LL_RCC_GetLPUARTClockFreq	8	static
stm32l4xx_ll_rcc.c:741:10:LL_RCC_GetLPTIMClockFreq	8	static
stm32l4xx_ll_rcc.c:853:10:LL_RCC_GetSAIClockFreq	8	static
stm32l4xx_ll_rcc.c:990:10:LL_RCC_GetSDMMCClockFreq	8	static
stm32l4xx_ll_rcc.c:1055:10:LL_RCC_GetRNGClockFreq	0	static
stm32l4xx_ll_rcc.c:1121:10:LL_RCC_GetUSBClockFreq	0	static
stm32l4xx_ll_rcc.c:1184:10:LL_RCC_GetADCClockFreq	8	static
stm32l4xx_ll_rcc.c:1233:10:LL_RCC_GetSWPMIClockFreq	8	static
stm32l4xx_ll_rcc.c:1269:10:LL_RCC_GetDFSDMClockFreq	8	static
